current directory: /Users/kawamuratakuya/Downloads/吸えログデータ3/dev/suelog/vendor/bundle/ruby/3.2.0/gems/date-3.5.1/ext/date
/Users/kawamuratakuya/.rbenv/versions/3.2.2/bin/ruby extconf.rb
checking for rb_category_warn()... yes
checking for timezone in time.h with  -Werror... yes
checking for altzone in time.h with  -Werror... no
creating Makefile

current directory: /Users/kawamuratakuya/Downloads/吸えログデータ3/dev/suelog/vendor/bundle/ruby/3.2.0/gems/date-3.5.1/ext/date
make DESTDIR\= sitearchdir\=./.gem.20260404-56793-t1ws2e sitelibdir\=./.gem.20260404-56793-t1ws2e clean

current directory: /Users/kawamuratakuya/Downloads/吸えログデータ3/dev/suelog/vendor/bundle/ruby/3.2.0/gems/date-3.5.1/ext/date
make DESTDIR\= sitearchdir\=./.gem.20260404-56793-t1ws2e sitelibdir\=./.gem.20260404-56793-t1ws2e
compiling date_core.c
compiling date_parse.c
compiling date_strftime.c
compiling date_strptime.c
linking shared-object date_core.bundle
ld: warning: ignoring duplicate libraries: '-lruby.3.2'

current directory: /Users/kawamuratakuya/Downloads/吸えログデータ3/dev/suelog/vendor/bundle/ruby/3.2.0/gems/date-3.5.1/ext/date
make DESTDIR\= sitearchdir\=./.gem.20260404-56793-t1ws2e sitelibdir\=./.gem.20260404-56793-t1ws2e install
/usr/bin/install -c -m 0755 date_core.bundle ./.gem.20260404-56793-t1ws2e

current directory: /Users/kawamuratakuya/Downloads/吸えログデータ3/dev/suelog/vendor/bundle/ruby/3.2.0/gems/date-3.5.1/ext/date
make DESTDIR\= sitearchdir\=./.gem.20260404-56793-t1ws2e sitelibdir\=./.gem.20260404-56793-t1ws2e clean
