current directory: /Users/kawamuratakuya/Downloads/吸えログデータ3/dev/suelog/vendor/bundle/ruby/3.2.0/gems/json-2.18.0/ext/json/ext/parser
/Users/kawamuratakuya/.rbenv/versions/3.2.2/bin/ruby extconf.rb
checking for rb_enc_interned_str() in ruby/encoding.h... yes
checking for rb_str_to_interned_str() in ruby.h... yes
checking for rb_hash_new_capa() in ruby.h... yes
checking for rb_hash_bulk_insert() in ruby.h... yes
checking for whether -std=c99 is accepted as CFLAGS... yes
checking for arm_neon.h... yes
checking for cpuid.h... no
creating Makefile

current directory: /Users/kawamuratakuya/Downloads/吸えログデータ3/dev/suelog/vendor/bundle/ruby/3.2.0/gems/json-2.18.0/ext/json/ext/parser
make DESTDIR\= sitearchdir\=./.gem.20260404-56793-otma7c sitelibdir\=./.gem.20260404-56793-otma7c clean

current directory: /Users/kawamuratakuya/Downloads/吸えログデータ3/dev/suelog/vendor/bundle/ruby/3.2.0/gems/json-2.18.0/ext/json/ext/parser
make DESTDIR\= sitearchdir\=./.gem.20260404-56793-otma7c sitelibdir\=./.gem.20260404-56793-otma7c
compiling parser.c
linking shared-object json/ext/parser.bundle
ld: warning: ignoring duplicate libraries: '-lruby.3.2'

current directory: /Users/kawamuratakuya/Downloads/吸えログデータ3/dev/suelog/vendor/bundle/ruby/3.2.0/gems/json-2.18.0/ext/json/ext/parser
make DESTDIR\= sitearchdir\=./.gem.20260404-56793-otma7c sitelibdir\=./.gem.20260404-56793-otma7c install
/usr/bin/install -c -m 0755 parser.bundle ./.gem.20260404-56793-otma7c/json/ext

current directory: /Users/kawamuratakuya/Downloads/吸えログデータ3/dev/suelog/vendor/bundle/ruby/3.2.0/gems/json-2.18.0/ext/json/ext/parser
make DESTDIR\= sitearchdir\=./.gem.20260404-56793-otma7c sitelibdir\=./.gem.20260404-56793-otma7c clean
