current directory: /Users/kawamuratakuya/Downloads/吸えログデータ3/dev/suelog/vendor/bundle/ruby/3.2.0/gems/bootsnap-1.21.1/ext/bootsnap
/Users/kawamuratakuya/.rbenv/versions/3.2.2/bin/ruby extconf.rb
checking for fdatasync() in unistd.h... yes
checking for fstatat() in sys/stat.h... yes
checking for whether -D_GNU_SOURCE is accepted as CPPFLAGS... yes
checking for whether -O3 is accepted as CFLAGS... yes
checking for whether -std=c99 is accepted as CFLAGS... yes
creating Makefile

current directory: /Users/kawamuratakuya/Downloads/吸えログデータ3/dev/suelog/vendor/bundle/ruby/3.2.0/gems/bootsnap-1.21.1/ext/bootsnap
make DESTDIR\= sitearchdir\=./.gem.20260404-56793-uplaw0 sitelibdir\=./.gem.20260404-56793-uplaw0 clean

current directory: /Users/kawamuratakuya/Downloads/吸えログデータ3/dev/suelog/vendor/bundle/ruby/3.2.0/gems/bootsnap-1.21.1/ext/bootsnap
make DESTDIR\= sitearchdir\=./.gem.20260404-56793-uplaw0 sitelibdir\=./.gem.20260404-56793-uplaw0
compiling bootsnap.c
linking shared-object bootsnap/bootsnap.bundle
ld: warning: ignoring duplicate libraries: '-lruby.3.2'

current directory: /Users/kawamuratakuya/Downloads/吸えログデータ3/dev/suelog/vendor/bundle/ruby/3.2.0/gems/bootsnap-1.21.1/ext/bootsnap
make DESTDIR\= sitearchdir\=./.gem.20260404-56793-uplaw0 sitelibdir\=./.gem.20260404-56793-uplaw0 install
/usr/bin/install -c -m 0755 bootsnap.bundle ./.gem.20260404-56793-uplaw0/bootsnap

current directory: /Users/kawamuratakuya/Downloads/吸えログデータ3/dev/suelog/vendor/bundle/ruby/3.2.0/gems/bootsnap-1.21.1/ext/bootsnap
make DESTDIR\= sitearchdir\=./.gem.20260404-56793-uplaw0 sitelibdir\=./.gem.20260404-56793-uplaw0 clean
