current directory: /Users/kawamuratakuya/Downloads/吸えログデータ3/dev/suelog/vendor/bundle/ruby/3.2.0/gems/bigdecimal-4.0.1/ext/bigdecimal
/Users/kawamuratakuya/.rbenv/versions/3.2.2/bin/ruby extconf.rb
checking for __builtin_clz()... yes
checking for __builtin_clzl()... yes
checking for __builtin_clzll()... yes
checking for float.h... yes
checking for math.h... yes
checking for stdbool.h... yes
checking for stdlib.h... yes
checking for x86intrin.h... no
checking for intrin.h... no
checking for ruby/atomic.h... yes
checking for ruby/internal/has/builtin.h... yes
checking for ruby/internal/static_assert.h... yes
checking for rb_complex_real() in ruby.h... yes
checking for rb_complex_imag() in ruby.h... yes
checking for rb_opts_exception_p() in ruby.h... yes
checking for rb_category_warn() in ruby.h... yes
checking for RB_WARN_CATEGORY_DEPRECATED in ruby.h... yes
creating Makefile

current directory: /Users/kawamuratakuya/Downloads/吸えログデータ3/dev/suelog/vendor/bundle/ruby/3.2.0/gems/bigdecimal-4.0.1/ext/bigdecimal
make DESTDIR\= sitearchdir\=./.gem.20260404-56793-rtbt9a sitelibdir\=./.gem.20260404-56793-rtbt9a clean

current directory: /Users/kawamuratakuya/Downloads/吸えログデータ3/dev/suelog/vendor/bundle/ruby/3.2.0/gems/bigdecimal-4.0.1/ext/bigdecimal
make DESTDIR\= sitearchdir\=./.gem.20260404-56793-rtbt9a sitelibdir\=./.gem.20260404-56793-rtbt9a
compiling bigdecimal.c
compiling missing.c
linking shared-object bigdecimal.bundle
ld: warning: ignoring duplicate libraries: '-lruby.3.2'

current directory: /Users/kawamuratakuya/Downloads/吸えログデータ3/dev/suelog/vendor/bundle/ruby/3.2.0/gems/bigdecimal-4.0.1/ext/bigdecimal
make DESTDIR\= sitearchdir\=./.gem.20260404-56793-rtbt9a sitelibdir\=./.gem.20260404-56793-rtbt9a install
/usr/bin/install -c -m 0755 bigdecimal.bundle ./.gem.20260404-56793-rtbt9a

current directory: /Users/kawamuratakuya/Downloads/吸えログデータ3/dev/suelog/vendor/bundle/ruby/3.2.0/gems/bigdecimal-4.0.1/ext/bigdecimal
make DESTDIR\= sitearchdir\=./.gem.20260404-56793-rtbt9a sitelibdir\=./.gem.20260404-56793-rtbt9a clean
